기존 보유 1497편 — 중복 제거 대상
페이지 25 · 채택 419/8000 · 학술지 25종 · 0.4분
페이지 50 · 채택 548/8000 · 학술지 42종 · 0.7분
페이지 75 · 채택 838/8000 · 학술지 56종 · 1.0분
페이지 100 · 채택 1090/8000 · 학술지 83종 · 1.2분
페이지 125 · 채택 1589/8000 · 학술지 101종 · 1.4분
페이지 150 · 채택 1967/8000 · 학술지 122종 · 1.7분
페이지 175 · 채택 2312/8000 · 학술지 146종 · 2.0분
페이지 200 · 채택 2648/8000 · 학술지 160종 · 2.2분
페이지 225 · 채택 2914/8000 · 학술지 183종 · 2.5분
페이지 250 · 채택 3340/8000 · 학술지 207종 · 2.7분
페이지 275 · 채택 3612/8000 · 학술지 223종 · 2.9분
페이지 300 · 채택 3947/8000 · 학술지 242종 · 3.2분
페이지 325 · 채택 4162/8000 · 학술지 257종 · 3.5분
페이지 350 · 채택 4485/8000 · 학술지 291종 · 3.8분
페이지 375 · 채택 4657/8000 · 학술지 309종 · 4.0분
페이지 400 · 채택 5049/8000 · 학술지 327종 · 4.2분
페이지 425 · 채택 5382/8000 · 학술지 354종 · 4.5분
페이지 450 · 채택 5697/8000 · 학술지 374종 · 4.8분
페이지 475 · 채택 6103/8000 · 학술지 399종 · 5.1분
페이지 500 · 채택 6547/8000 · 학술지 417종 · 5.3분
페이지 525 · 채택 7254/8000 · 학술지 429종 · 5.6분
페이지 550 · 채택 7810/8000 · 학술지 441종 · 5.9분

=== 수집 종료 · 마지막 페이지 571 ===
  총               56,917
  한글초록 없음         44,537
  채택               8,000
  길이 밖             2,825
  학술지 상한             608
  한글비 미달             588
  연도 밖               350
  중복/무효                9

채택 8,000편 → mash/kci_human_ko_v1.jsonl
  등록연도: 2005~2020 · 학술지 446종
  초록 길이 중앙값 540자
